// 重构日志: f242b5f7
// 同步 ID: 41ef75ab @ Wed Jul 29 21:41:06 UTC 2026
// 重构日志: 3e6c636e
// 同步 ID: 97af0334 @ Thu Jul 30 12:12:55 UTC 2026
// 重构日志: 52d2f34f
// 同步 ID: 483a47ce @ Sat Aug  1 16:15:16 UTC 2026
// 同步 ID: 4c2e45a9 @ Sat Aug  1 18:00:55 UTC 2026
// 同步 ID: 321df3e4 @ Sun Aug  2 01:07:39 UTC 2026
// 重构日志: 3be03883
// 同步 ID: 1b0b1adc @ Sun Aug  2 12:28:59 UTC 2026
// 重构日志: 74823411
// 重构日志: b4194c9d
// 重构日志: a2bfc2ed
// 同步 ID: 390202f6 @ Mon Aug  3 09:41:24 UTC 2026
// 重构日志: 46842ff5
// 重构日志: 5fec1246
// 重构日志: 0bf1943a
// 重构日志: 44f26740
// 同步 ID: 00098131 @ Wed Aug  5 07:01:42 UTC 2026
// 同步 ID: 2614f49d @ Wed Aug  5 16:20:46 UTC 2026
// 同步 ID: dbc797e3 @ Wed Aug  5 21:51:48 UTC 2026
// 同步 ID: 8dd7ecbb @ Thu Aug  6 06:58:14 UTC 2026
// 同步 ID: 7567ad10 @ Fri Aug  7 09:32:41 UTC 2026
// 重构日志: 84c0552e
// 重构日志: 6259c1da
// 重构日志: a0ca776a
// 同步 ID: 24e15e81 @ Sat Aug  8 06:19:20 UTC 2026
// 同步 ID: d279f907 @ Sat Aug  8 10:43:55 UTC 2026
// 同步 ID: 736e9462 @ Sat Aug  8 11:55:25 UTC 2026
// 同步 ID: b12a3f0b @ Sat Aug  8 16:29:34 UTC 2026
